  ok   1440px / 0.000% 
  ok   1440px /about/ 0.000% 
  ok   1440px /brand/florida-basketball-jerseys/ 0.000% 
  ok   1440px /brand/florida-basketball-jerseys/page/2/ 0.000% 
  ok   1440px /brand/florida-basketball-jerseys/page/3/ 0.000% 
  ok   1440px /cart/ 0.000% 
  ok   1440px /contact/ 0.000% 
  ok   1440px /cookie-policy/ 0.006% 
  ok   1440px /disclaimer/ 0.000% 
  ok   1440px /faq/ 0.000% 
  ok   1440px /get-a-quote/ 0.000% 
  ok   1440px /how-it-works/ 0.000% 
  ok   1440px /my-account/ 0.000% 
  ok   1440px /my-account/lost-password/ 0.000% 
  ok   1440px /privacy-policy/ 0.000% 
  ok   1440px /product-category/basketball-shirts/ 0.000% 
  ok   1440px /product-category/basketball-shorts/ 0.000% 
  ok   1440px /product-category/basketball-tank-tops/ 0.000% 
  ok   1440px /product-category/colored-jerseys-uniforms/ 0.000% 
  ok   1440px /product-category/custom-printed-jerseys/ 0.000% 
  ok   1440px /product-category/custom-uniforms/ 0.000% 
  ok   1440px /product-category/practice-jerseys/ 0.000% 
  ok   1440px /product/ 0.000% 
  ok   1440px /product/basketball-game-shorts/ 0.000% 
  ok   1440px /product/basketball-practice-jerseys/ 0.000% 
  ok   1440px /product/basketball-practice-shorts/ 0.000% 
  ok   1440px /product/basketball-training-jerseys/ 0.000% 
  ok   1440px /product/basketball-warm-up-jerseys/ 0.000% 
  ok   1440px /product/black-basketball-jersey/ 0.000% 
  ok   1440px /product/blank-basketball-jerseys/ 0.000% 
  ok   1440px /product/blue-basketball-jersey/ 0.000% 
  ok   1440px /product/camo-basketball-jerseys/ 0.000% 
  ok   1440px /product/green-basketball-jersey/ 0.000% 
  ok   1440px /product/grey-basketball-jersey/ 0.000% 
  ok   1440px /product/lightweight-basketball-jerseys/ 0.000% 
  ok   1440px /product/lightweight-basketball-shirt/ 0.000% 
  ok   1440px /product/lightweight-basketball-shorts/ 0.000% 
  ok   1440px /product/long-sleeve-basketball-jerseys/ 0.000% 
  ok   1440px /product/long-sleeve-basketball-shirt/ 0.000% 
  ok   1440px /product/men-basketball-uniforms/ 0.000% 
  ok   1440px /product/mesh-basketball-jerseys/ 0.000% 
  ok   1440px /product/mesh-basketball-shorts/ 0.000% 
  ok   1440px /product/mesh-basketball-tank-top/ 0.000% 
  ok   1440px /product/moisture-wicking-basketball-shirt/ 0.000% 
  ok   1440px /product/orange-basketball-jersey/ 0.000% 
  ok   1440px /product/page/2/ 0.000% 
  ok   1440px /product/page/3/ 0.000% 
  ok   1440px /product/performance-basketball-tank-top/ 0.000% 
  ok   1440px /product/pink-basketball-jerseys/ 0.000% 
  ok   1440px /product/plain-basketball-jerseys/ 0.000% 
  ok   1440px /product/purple-basketball-jersey/ 0.000% 
  ok   1440px /product/red-basketball-uniform/ 0.000% 
  ok   1440px /product/reversible-basketball-jerseys/ 0.000% 
  ok   1440px /product/reversible-basketball-uniforms/ 0.000% 
  ok   1440px /product/short-sleeve-basketball-jerseys/ 0.000% 
  ok   1440px /product/short-sleeve-basketball-shirt/ 0.000% 
  ok   1440px /product/sleeveless-basketball-jerseys/ 0.000% 
  ok   1440px /product/sleeveless-basketball-tank-top/ 0.000% 
  ok   1440px /product/sublimated-basketball-jerseys/ 0.000% 
  ok   1440px /product/training-basketball-shirt/ 0.000% 
  ok   1440px /product/training-basketball-shorts/ 0.000% 
  ok   1440px /product/white-basketball-shirt/ 0.000% 
  ok   1440px /product/women-basketball-uniforms/ 0.000% 
  ok   1440px /product/yellow-basketball-uniform/ 0.000% 
  ok   1440px /product/youth-basketball-jerseys/ 0.000% 
  ok   1440px /product/youth-basketball-uniforms/ 0.006% 
  ok   1440px /product/youth-practice-basketball-jerseys/ 0.009% 
  ok   1440px /refund-policy/ 0.000% 
  ok   1440px /shipping-policy/ 0.000% 
  ok   1440px /sitemap/ 0.000% 
  ok   1440px /terms-of-service/ 0.007% 
  ok   1440px /thank-you/ 0.000% 
DIFF   1440px /checkout/ 34.802% size live=1440,2595 astro=1440,2033
DIFF   1440px /search/ 0.036% 
  ok   768px / 0.000% 
  ok   768px /about/ 0.007% 
DIFF   768px /brand/florida-basketball-jerseys/ 0.015% 
  ok   768px /contact/ 0.000% 
  ok   768px /cookie-policy/ 0.007% 
  ok   768px /disclaimer/ 0.000% 
  ok   768px /faq/ 0.000% 
  ok   768px /get-a-quote/ 0.000% 
  ok   768px /how-it-works/ 0.000% 
  ok   768px /my-account/ 0.000% 
  ok   768px /my-account/lost-password/ 0.000% 
  ok   768px /privacy-policy/ 0.000% 
  ok   768px /product-category/basketball-shirts/ 0.000% 
  ok   768px /product/ 0.000% 
  ok   768px /product/blank-basketball-jerseys/ 0.000% 
  ok   768px /product/page/2/ 0.000% 
  ok   768px /refund-policy/ 0.000% 
  ok   768px /shipping-policy/ 0.000% 
  ok   768px /sitemap/ 0.000% 
  ok   768px /terms-of-service/ 0.000% 
  ok   768px /thank-you/ 0.000% 
  ok   768px /search/ 0.000% 
  ok   390px / 0.000% 
  ok   390px /about/ 0.000% 
  ok   390px /brand/florida-basketball-jerseys/ 0.000% 
  ok   390px /contact/ 0.000% 
  ok   390px /cookie-policy/ 0.000% 
  ok   390px /disclaimer/ 0.000% 
  ok   390px /faq/ 0.000% 
  ok   390px /get-a-quote/ 0.000% 
  ok   390px /how-it-works/ 0.000% 
  ok   390px /my-account/ 0.000% 
  ok   390px /my-account/lost-password/ 0.000% 
  ok   390px /privacy-policy/ 0.000% 
  ok   390px /product-category/basketball-shirts/ 0.000% 
  ok   390px /product/ 0.000% 
  ok   390px /product/blank-basketball-jerseys/ 0.000% 
  ok   390px /product/page/2/ 0.000% 
  ok   390px /refund-policy/ 0.000% 
  ok   390px /shipping-policy/ 0.000% 
  ok   390px /sitemap/ 0.000% 
  ok   390px /terms-of-service/ 0.000% 
DIFF   390px /thank-you/ 0.013% 
  ok   390px /search/ 0.000% 
  ok   320px / 0.001% 
  ok   320px /about/ 0.001% 
  ok   320px /brand/florida-basketball-jerseys/ 0.001% 
  ok   320px /contact/ 0.005% 
  ok   320px /cookie-policy/ 0.002% 
  ok   320px /disclaimer/ 0.000% 
  ok   320px /faq/ 0.000% 
  ok   320px /get-a-quote/ 0.006% 
  ok   320px /how-it-works/ 0.002% 
  ok   320px /my-account/ 0.008% 
  ok   320px /my-account/lost-password/ 0.000% 
  ok   320px /privacy-policy/ 0.000% 
  ok   320px /product-category/basketball-shirts/ 0.000% 
  ok   320px /product/ 0.000% 
  ok   320px /product/blank-basketball-jerseys/ 0.002% 
  ok   320px /product/page/2/ 0.004% 
  ok   320px /refund-policy/ 0.002% 
  ok   320px /shipping-policy/ 0.002% 
  ok   320px /sitemap/ 0.000% 
  ok   320px /terms-of-service/ 0.002% 
  ok   320px /thank-you/ 0.000% 
  ok   320px /search/ 0.000% 

136/140 shots identical
